RAM Allocation [bytes]
Variable                                                                          Address   Size
------------------------------------------------------------------------------------------------
var                                                                               0x00E0       4
contador                                                                          0x00E4       4

EEPROM Allocation [bytes]
Variable                                                                          Address   Size
------------------------------------------------------------------------------------------------

Register Allocation
Variable                                                                          Register  Size
------------------------------------------------------------------------------------------------
botonp                                                                            R2.0      1bit
botona                                                                            R2.1      1bit
flag_0                                                                            R2.2      1bit
flag_1                                                                            R2.3      1bit
flag_2                                                                            R2.4      1bit
flag_3                                                                            R2.5      1bit

FLASH Allocation [words]
Function                                                                          Address   Size
------------------------------------------------------------------------------------------------
main                                                                              0x00046     99
